Creating test database for alias 'default'...
C:\RepassesmedicosOMIE\.venv\Lib\site-packages\openpyxl\worksheet\header_footer.py:48: UserWarning: Cannot parse header or footer so it will be ignored
  warn("""Cannot parse header or footer so it will be ignored""")
C:\RepassesmedicosOMIE\.venv\Lib\site-packages\openpyxl\worksheet\_reader.py:329: UserWarning: Data Validation extension is not supported and will be removed
  warn(msg)
.......................C:\RepassesmedicosOMIE\.venv\Lib\site-packages\openpyxl\worksheet\header_footer.py:48: UserWarning: Cannot parse header or footer so it will be ignored
  warn("""Cannot parse header or footer so it will be ignored""")
C:\RepassesmedicosOMIE\.venv\Lib\site-packages\openpyxl\worksheet\_reader.py:329: UserWarning: Data Validation extension is not supported and will be removed
  warn(msg)
....C:\RepassesmedicosOMIE\.venv\Lib\site-packages\openpyxl\worksheet\header_footer.py:48: UserWarning: Cannot parse header or footer so it will be ignored
  warn("""Cannot parse header or footer so it will be ignored""")
C:\RepassesmedicosOMIE\.venv\Lib\site-packages\openpyxl\worksheet\_reader.py:329: UserWarning: Data Validation extension is not supported and will be removed
  warn(msg)
......C:\RepassesmedicosOMIE\.venv\Lib\site-packages\openpyxl\worksheet\header_footer.py:48: UserWarning: Cannot parse header or footer so it will be ignored
  warn("""Cannot parse header or footer so it will be ignored""")
C:\RepassesmedicosOMIE\.venv\Lib\site-packages\openpyxl\worksheet\_reader.py:329: UserWarning: Data Validation extension is not supported and will be removed
  warn(msg)
..........................C:\RepassesmedicosOMIE\.venv\Lib\site-packages\openpyxl\worksheet\header_footer.py:48: UserWarning: Cannot parse header or footer so it will be ignored
  warn("""Cannot parse header or footer so it will be ignored""")
C:\RepassesmedicosOMIE\.venv\Lib\site-packages\openpyxl\worksheet\_reader.py:329: UserWarning: Data Validation extension is not supported and will be removed
  warn(msg)
..C:\RepassesmedicosOMIE\.venv\Lib\site-packages\openpyxl\worksheet\header_footer.py:48: UserWarning: Cannot parse header or footer so it will be ignored
  warn("""Cannot parse header or footer so it will be ignored""")
C:\RepassesmedicosOMIE\.venv\Lib\site-packages\openpyxl\worksheet\_reader.py:329: UserWarning: Data Validation extension is not supported and will be removed
  warn(msg)
..................
----------------------------------------------------------------------
Ran 79 tests in 28.247s

OK
Destroying test database for alias 'default'...
Found 79 test(s).
System check identified no issues (0 silenced).
WARNING *** file size (174897) not 512 + multiple of sector size (512)
WARNING *** file size (174897) not 512 + multiple of sector size (512)
WARNING *** file size (174897) not 512 + multiple of sector size (512)
WARNING *** file size (174897) not 512 + multiple of sector size (512)
WARNING *** file size (174897) not 512 + multiple of sector size (512)
WARNING *** file size (174897) not 512 + multiple of sector size (512)
WARNING *** file size (174897) not 512 + multiple of sector size (512)
WARNING *** file size (174897) not 512 + multiple of sector size (512)
WARNING *** file size (174897) not 512 + multiple of sector size (512)
WARNING *** file size (174897) not 512 + multiple of sector size (512)
WARNING *** file size (174897) not 512 + multiple of sector size (512)
WARNING *** file size (174897) not 512 + multiple of sector size (512)
Vitrectomia Anterior: 2 linha(s) espelhando a catarata.
Vitrectomia Anterior: 2 linha(s) espelhando a catarata.
WARNING *** file size (44336) not 512 + multiple of sector size (512)
WARNING *** file size (174897) not 512 + multiple of sector size (512)
WARNING *** file size (518960) not 512 + multiple of sector size (512)
WARNING *** file size (174897) not 512 + multiple of sector size (512)
WARNING *** file size (174897) not 512 + multiple of sector size (512)
WARNING *** file size (44336) not 512 + multiple of sector size (512)
WARNING *** file size (174897) not 512 + multiple of sector size (512)
